src/app/lib/db.ts(31,5): error TS2740: Type 'typeof import("mongoose")' is missing the following properties from type 'Connection': aggregate, asPromise, base, bulkWrite, and 42 more.
